# Symbols for GCC

LIBYAFARAY_4.0.0 {
    global:
        yafaray_createInterface;
        yafaray_destroyInterface;
        yafaray_setLoggingCallback;
        yafaray_createScene;
        yafaray_startGeometry;
        yafaray_endGeometry;
        yafaray_getNextFreeId;
        yafaray_endObject;
        yafaray_addVertex;
        yafaray_addVertexWithOrco;
        yafaray_addNormal;
        yafaray_addTriangle;
        yafaray_addTriangleWithUv;
        yafaray_addUv;
        yafaray_smoothMesh;
        yafaray_addInstance;
        yafaray_paramsSetVector;
        yafaray_paramsSetString;
        yafaray_paramsSetBool;
        yafaray_paramsSetInt;
        yafaray_paramsSetFloat;
        yafaray_paramsSetColor;
        yafaray_paramsSetMatrix;
        yafaray_paramsClearAll;
        yafaray_paramsPushList;
        yafaray_paramsEndList;
        yafaray_setCurrentMaterial;
        yafaray_createObject;
        yafaray_createLight;
        yafaray_createTexture;
        yafaray_createTextureFromImage;
        yafaray_createMaterial;
        yafaray_createCamera;
        yafaray_createBackground;
        yafaray_createIntegrator;
        yafaray_createVolumeRegion;
        yafaray_createRenderView;
        yafaray_createOutput;
        yafaray_removeOutput;
        yafaray_clearOutputs;
        yafaray_clearAll;
        yafaray_setupRender;
        yafaray_render;
        yafaray_defineLayer;
        yafaray_setupLayersParameters;
        yafaray_cancel;
        yafaray_setInteractive;
        yafaray_enablePrintDateTime;
        yafaray_setConsoleVerbosityLevel;
        yafaray_setLogVerbosityLevel;
        yafaray_logLevelFromString;
        yafaray_getVersionString;
        yafaray_getVersionMajor;
        yafaray_getVersionMinor;
        yafaray_getVersionPatch;
        yafaray_printDebug;
        yafaray_printVerbose;
        yafaray_printInfo;
        yafaray_printParams;
        yafaray_printWarning;
        yafaray_printError;
        yafaray_cancelRendering;
        yafaray_setInputColorSpace;
        yafaray_createImage;
        yafaray_setImageColor;
        yafaray_getImageColor;
        yafaray_setConsoleLogColorsEnabled;

    local:
        *;
};
